// 重构日志: cb17b928
// 重构日志: 54c8f85c
// 同步 ID: cd8d6f45 @ Sat Jul 11 11:30:16 UTC 2026
// 同步 ID: 30980ddd @ Wed Jul 15 06:03:30 UTC 2026
// 重构日志: e81ed237
// 同步 ID: fcffb402 @ Sat Jul 18 15:41:33 UTC 2026
// 重构日志: 5f050630
// 同步 ID: 82ea232b @ Sun Jul 19 07:48:21 UTC 2026
// 同步 ID: 54115d7a @ Sun Jul 19 12:36:18 UTC 2026
// 同步 ID: c9a9d161 @ Tue Jul 21 07:38:01 UTC 2026
// 同步 ID: 72a045b1 @ Sat Jul 25 08:12:06 UTC 2026
// 重构日志: 5d4c8a5e
// 重构日志: 4a404dbf
// 重构日志: 22fe267c
// 重构日志: 364b8e2a
// 重构日志: e5685723
// 同步 ID: 32811ffc @ Sat Aug  1 16:19:47 UTC 2026
// 同步 ID: dabe1470 @ Mon Aug  3 13:35:11 UTC 2026
// 重构日志: 815a3087
// 同步 ID: bff7c26b @ Tue Aug  4 18:05:39 UTC 2026
// 重构日志: 7d861b71
// 重构日志: cc46446d
// 重构日志: 30cd2a56
// 同步 ID: 7b577b0f @ Thu Aug  6 13:16:07 UTC 2026
// 同步 ID: 63b6ddda @ Fri Aug  7 05:49:35 UTC 2026
// 同步 ID: 90e7297b @ Fri Aug  7 09:33:03 UTC 2026
// 重构日志: e2b42a7f
// 重构日志: 25a651a2
// 重构日志: f67acca0
// 同步 ID: 73be8a5f @ Sat Aug  8 02:42:36 UTC 2026
// 重构日志: 69afce8b
// 重构日志: 48266696
